// Jest Snapshot v1, https://goo.gl/fbAQLP

exports[`Hypothesis 1`] = `
Object {
  "payload": Object {
    "1": Object {
      "config": Object {},
      "data": Object {
        "cjmliegq00012wqseebld9lr6": Object {
          "id": "cjmliegq00012wqseebld9lr6",
          "li": Object {
            "id": "cjmliegq0000swqsel4hgys6b",
            "liDocument": Object {
              "createdAt": "2018-09-28T04:30:26.856Z",
              "createdBy": "op-hypothesis",
              "liType": "li-hypothesis",
              "payload": Object {
                "rows": Array [
                  Object {
                    "article": "Social Network Analysis in Education",
                    "articleSite": "bookdown.org",
                    "date": "Sat Apr 22 2017",
                    "displayName": "rsivaraj",
                    "id": "F29CICeYEeeIOwN7FJNm-g",
                    "quotation": "Ryu, S., & Lombardi, D. (2015). Coding Classroom Interactions for Collective and Individual Engagement. Educational Psychologist, 50(1), 70–83. http://doi.org/10.1080/00461520.2014.1001891 (Note: An attempt to combine SNA with critical discourse analysis.)",
                    "text": "I really like this concept and application of SNA with integration of critical discourse analysis (CDA), which is a course I am taking in the fall!! In another class, we read about critical quantitative approach, and I now think what makes it truly critical might be the integration of a mixed method approach, where something like ethnographic case studies or in this case discourse analysis is used in combination with SNA/statistical analyses to give it more robust findings.",
                    "updated": "2017-04-22T20:13:03.914757+00:00",
                    "username": "rsivaraj",
                  },
                ],
              },
              "username": "rsivaraj",
            },
          },
        },
      },
    },
    "2": Object {
      "config": Object {},
      "data": Object {
        "cjmliegq00013wqse0w49df3i": Object {
          "id": "cjmliegq00013wqse0w49df3i",
          "li": Object {
            "id": "cjmliegq0000twqse0ij14fu0",
            "liDocument": Object {
              "createdAt": "2018-09-28T04:30:26.856Z",
              "createdBy": "op-hypothesis",
              "liType": "li-hypothesis",
              "payload": Object {
                "rows": Array [
                  Object {
                    "article": "An Introduction to Statistical Inference With N...",
                    "articleSite": "methods.sagepub.com.ezp1.lib.umn.edu",
                    "date": "Sat Apr 22 2017",
                    "displayName": "rockpalm",
                    "id": "PanpiicNEeeAdndXylCRZQ",
                    "quotation": " address the questions in the 						previous paragraph",
                    "text": "These are important questions that need answered to truly understand complex social interactions.",
                    "updated": "2017-04-22T03:39:08.036000+00:00",
                    "username": "rockpalm",
                  },
                ],
              },
              "username": "rockpalm",
            },
          },
        },
      },
    },
    "3": Object {
      "config": Object {},
      "data": Object {
        "cjmliegq0000zwqsebeoz3wsi": Object {
          "id": "cjmliegq0000zwqsebeoz3wsi",
          "li": Object {
            "id": "cjmliegq0000pwqseb869wude",
            "liDocument": Object {
              "createdAt": "2018-09-28T04:30:26.856Z",
              "createdBy": "op-hypothesis",
              "liType": "li-hypothesis",
              "payload": Object {
                "rows": Array [
                  Object {
                    "article": "doi:10.1016/j.ejor.2006.06.006",
                    "articleSite": "ac.els-cdn.com.ezp2.lib.umn.edu",
                    "date": "Wed Apr 26 2017",
                    "displayName": "tasha_mrema",
                    "id": "QMKl1iqzEeeFAtepTWHu0A",
                    "quotation": "Appendix. Technical demonstration of the SOMprocedure",
                    "text": "This is a great example of Kohonen's Self-organizing Maps  and the use of the U-Matrix. The authors were very thorough in explaining how it can be used.",
                    "updated": "2017-04-26T19:05:03.076265+00:00",
                    "username": "tasha_mrema",
                  },
                ],
              },
              "username": "tasha_mrema",
            },
          },
        },
        "cjmliegq00010wqse9trzd85v": Object {
          "id": "cjmliegq00010wqse9trzd85v",
          "li": Object {
            "id": "cjmliegq0000qwqselbupn9sj",
            "liDocument": Object {
              "createdAt": "2018-09-28T04:30:26.856Z",
              "createdBy": "op-hypothesis",
              "liType": "li-hypothesis",
              "payload": Object {
                "rows": Array [
                  Object {
                    "article": "doi:10.1016/j.ejor.2006.06.006",
                    "articleSite": "ac.els-cdn.com.ezp2.lib.umn.edu",
                    "date": "Wed Apr 26 2017",
                    "displayName": "tasha_mrema",
                    "id": "kEBzuiqxEeeMs-dLu6MEPQ",
                    "quotation": "The SOM consisted of 360 neurons on a 24by  15  map  grid,  with  hexagonal  lattice  andGaussian neighborhood  function.",
                    "text": "Data Structure",
                    "updated": "2017-04-26T18:52:57.541326+00:00",
                    "username": "tasha_mrema",
                  },
                ],
              },
              "username": "tasha_mrema",
            },
          },
        },
        "cjmliegq00011wqse0djp3rfp": Object {
          "id": "cjmliegq00011wqse0djp3rfp",
          "li": Object {
            "id": "cjmliegq0000rwqsezl1ii7pq",
            "liDocument": Object {
              "createdAt": "2018-09-28T04:30:26.856Z",
              "createdBy": "op-hypothesis",
              "liType": "li-hypothesis",
              "payload": Object {
                "rows": Array [
                  Object {
                    "article": "doi:10.1016/j.ejor.2006.06.006",
                    "articleSite": "ac.els-cdn.com.ezp2.lib.umn.edu",
                    "date": "Wed Apr 26 2017",
                    "displayName": "tasha_mrema",
                    "id": "SwS42iqvEeeRLjcKbfz4-Q",
                    "quotation": "(Kohonen’s Self-Organizing Maps",
                    "text": "This is the novel innovation approach to network analysis that I will be discussing in my article review presentation
",
                    "updated": "2017-04-26T18:36:42.388260+00:00",
                    "username": "tasha_mrema",
                  },
                ],
              },
              "username": "tasha_mrema",
            },
          },
        },
        "cjmliegq00014wqsez3rpf5f4": Object {
          "id": "cjmliegq00014wqsez3rpf5f4",
          "li": Object {
            "id": "cjmliegq0000uwqsevou4ec3y",
            "liDocument": Object {
              "createdAt": "2018-09-28T04:30:26.856Z",
              "createdBy": "op-hypothesis",
              "liType": "li-hypothesis",
              "payload": Object {
                "rows": Array [
                  Object {
                    "article": "Looking Back, Looking Ahead - SAGE Research Met...",
                    "articleSite": "methods.sagepub.com.ezp1.lib.umn.edu",
                    "date": "Wed Apr 19 2017",
                    "displayName": "tasha_mrema",
                    "id": "f2te1iSHEeeLv-MQveXA7w",
                    "quotation": "analyses using 								these ego-level measures can be done using statistical packages like 								SPSS",
                    "text": "I am familiar with SPSS, but I had not considered using it for my final project until now. I am a little confused about how I would have to code the data (adjacency matrix) so that it works well in SPSS, but I think I'm going to try it just to see if I can get the same results that I obtain from using R.",
                    "updated": "2017-04-18T22:36:43.474839+00:00",
                    "username": "tasha_mrema",
                  },
                ],
              },
              "username": "tasha_mrema",
            },
          },
        },
        "cjmliegq00015wqse40c8wjtu": Object {
          "id": "cjmliegq00015wqse40c8wjtu",
          "li": Object {
            "id": "cjmliegq0000vwqsew9md5sff",
            "liDocument": Object {
              "createdAt": "2018-09-28T04:30:26.856Z",
              "createdBy": "op-hypothesis",
              "liType": "li-hypothesis",
              "payload": Object {
                "rows": Array [
                  Object {
                    "article": "Looking Back, Looking Ahead - SAGE Research Met...",
                    "articleSite": "methods.sagepub.com.ezp1.lib.umn.edu",
                    "date": "Wed Apr 19 2017",
                    "displayName": "tasha_mrema",
                    "id": "HUlBeCSHEeePxzvIgfEiyg",
                    "quotation": "UCINET is NetDraw, a visualization tool that has advanced 								graphic properties.",
                    "text": "I am interested in learning more about the NetDraw software in UCINET. While I like statistics, nothing really says SNA like having clear visuals that display network ties",
                    "updated": "2017-04-18T22:33:58.828820+00:00",
                    "username": "tasha_mrema",
                  },
                ],
              },
              "username": "tasha_mrema",
            },
          },
        },
        "cjmliegq00016wqsepadug8fj": Object {
          "id": "cjmliegq00016wqsepadug8fj",
          "li": Object {
            "id": "cjmliegq0000wwqser64p6fyx",
            "liDocument": Object {
              "createdAt": "2018-09-28T04:30:26.856Z",
              "createdBy": "op-hypothesis",
              "liType": "li-hypothesis",
              "payload": Object {
                "rows": Array [
                  Object {
                    "article": "Looking Back, Looking Ahead - SAGE Research Met...",
                    "articleSite": "methods.sagepub.com.ezp1.lib.umn.edu",
                    "date": "Wed Apr 19 2017",
                    "displayName": "tasha_mrema",
                    "id": "jJ45xiSGEeeDfl9VNA9xhQ",
                    "quotation": "visualizing your 							network in the form of a graph provides some hints as to whether your 							motivating research questions or hypotheses are worth pursuing or in 							need of revision.Figure",
                    "text": "I need to more practice with creating cleaner graphs that show my network. So far, I've been sticking with the orange and blue colors but I plan to get a little more creative for the final project",
                    "updated": "2017-04-18T22:29:56.119203+00:00",
                    "username": "tasha_mrema",
                  },
                ],
              },
              "username": "tasha_mrema",
            },
          },
        },
        "cjmliegq00017wqseftuepg8n": Object {
          "id": "cjmliegq00017wqseftuepg8n",
          "li": Object {
            "id": "cjmliegq0000xwqseabxljxq6",
            "liDocument": Object {
              "createdAt": "2018-09-28T04:30:26.856Z",
              "createdBy": "op-hypothesis",
              "liType": "li-hypothesis",
              "payload": Object {
                "rows": Array [
                  Object {
                    "article": "Looking Back, Looking Ahead - SAGE Research Met...",
                    "articleSite": "methods.sagepub.com.ezp1.lib.umn.edu",
                    "date": "Wed Apr 19 2017",
                    "displayName": "tasha_mrema",
                    "id": "rDw7HCSFEeenLqfew7ScDw",
                    "quotation": "Now that your network's boundary has been specified, you are ready to 							collect your data.",
                    "text": "My project deviated from the author's process because I actually obtained the dataset before identifying research questions. I am using a public dataset so I had to develop me project around what I had available",
                    "updated": "2017-04-18T22:23:39.665867+00:00",
                    "username": "tasha_mrema",
                  },
                ],
              },
              "username": "tasha_mrema",
            },
          },
        },
        "cjmliegq00018wqsekokj0mnh": Object {
          "id": "cjmliegq00018wqsekokj0mnh",
          "li": Object {
            "id": "cjmliegq0000ywqsef6km4aie",
            "liDocument": Object {
              "createdAt": "2018-09-28T04:30:26.856Z",
              "createdBy": "op-hypothesis",
              "liType": "li-hypothesis",
              "payload": Object {
                "rows": Array [
                  Object {
                    "article": "Looking Back, Looking Ahead - SAGE Research Met...",
                    "articleSite": "methods.sagepub.com.ezp1.lib.umn.edu",
                    "date": "Wed Apr 19 2017",
                    "displayName": "tasha_mrema",
                    "id": "MNpA4CSFEeez_hO_JhQy_A",
                    "quotation": " First, start with an initial topic of interest and 							then turn this topic into a question. ",
                    "text": "Throughout the semester, I have struggled with turning my research topic into a researchable question. I think I've come up with some decent questions, but I'm constantly rewording them.",
                    "updated": "2017-04-18T22:20:12.645283+00:00",
                    "username": "tasha_mrema",
                  },
                ],
              },
              "username": "tasha_mrema",
            },
          },
        },
      },
    },
  },
  "structure": "individual",
}
`;
